{
    "iapps": [],
    "l7Policies": [],
    "monitors": [],
    "pools": [],
    "virtualServers": []
}
